Lockfile is up to date, resolution step is skipped
Progress: resolved 1, reused 0, downloaded 0, added 0
Packages: +361
++++++++++++++++++++++++++++++++++++++++++++++++++++++++++++++++++++++++++++++++
Progress: resolved 361, reused 361, downloaded 0, added 361, done

dependencies:
+ @radix-ui/react-dialog 1.1.23
+ @radix-ui/react-dropdown-menu 2.1.24
+ @radix-ui/react-label 2.1.15
+ @radix-ui/react-popover 1.1.23
+ @radix-ui/react-scroll-area 1.2.18
+ @radix-ui/react-select 2.3.7
+ @radix-ui/react-separator 1.1.15
+ @radix-ui/react-slider 1.4.7
+ @radix-ui/react-slot 1.3.3
+ @radix-ui/react-switch 1.3.7
+ @radix-ui/react-tabs 1.1.21
+ @radix-ui/react-toggle-group 1.1.19
+ @radix-ui/react-tooltip 1.2.16
+ @sfinterface/numbers 0.3.4
+ @tauri-apps/api 2.11.1
+ @tauri-apps/plugin-dialog 2.7.2
+ @tauri-apps/plugin-process 2.3.1
+ @tauri-apps/plugin-updater 2.10.1
+ clsx 2.1.1
+ i18next 26.3.6
+ immer 11.1.16
+ react 19.2.8
+ react-dom 19.2.8
+ react-i18next 17.0.11
+ react-markdown 10.1.0
+ remark-gfm 4.0.1
+ tailwind-merge 3.6.0
+ zustand 5.0.14

devDependencies:
+ @axe-core/playwright 4.13.0
+ @playwright/test 1.62.1
+ @tailwindcss/vite 4.3.3
+ @types/node 24.13.3
+ @types/react 19.2.18
+ @types/react-dom 19.2.4
+ @vitejs/plugin-react 6.0.5
+ i18next-cli 1.69.2
+ jsdom 30.0.1
+ oxlint 1.78.0
+ tailwindcss 4.3.3
+ typescript 6.0.3
+ vite 8.2.1
+ vitest 4.1.11

Done in 823ms using pnpm v11.0.7
$ /opt/homebrew/bin/pnpm install --frozen-lockfile
Already up to date
Done in 122ms using pnpm v11.0.7
$ /opt/homebrew/bin/pnpm i18n:check
$ i18next-cli types --ci && node scripts/i18n-check.mjs && i18next-cli lint
✅ TypeScript definitions are up to date.
i18n 资源统计：
  zh-CN: 3691 条
  en-US: 3800 条
  命名空间: common, workspace, project, inspector, dialogs, errors, ai, shortcuts
  代码里解析出的 key: 2028 条；动态前缀: 147 个

✔ 翻译资源检查通过
[32m✔[39m No issues found.
$ /opt/homebrew/bin/pnpm build
$ tsc -b && vite build && node scripts/tailwind-scan-check.mjs
vite v8.2.1 building client environment for production...
[2Ktransforming...✓ 745 modules transformed.
rendering chunks...
computing gzip size...
dist/index.html                      2.06 kB │ gzip:   1.10 kB
dist/assets/index-7yGgmWmw.css      85.12 kB │ gzip:  15.03 kB
dist/assets/dist-js-SK22j9uE.js      0.11 kB │ gzip:   0.12 kB
dist/assets/dist-js-DYF-JYs1.js      0.17 kB │ gzip:   0.16 kB
dist/assets/dist-js-BsNZfC3f.js      1.04 kB │ gzip:   0.51 kB
dist/assets/event-BUd3TQ2S.js        1.06 kB │ gzip:   0.56 kB
dist/assets/core-Cb7zNXui.js         1.90 kB │ gzip:   0.79 kB
dist/assets/index-qj9xX_eu.js    1,959.42 kB │ gzip: 611.45 kB

[33m[INEFFECTIVE_DYNAMIC_IMPORT] [0msrc/store/renderStore.ts is dynamically imported by src/store/envStore.ts but also statically imported by src/canvas/OverlaySvg.tsx, src/canvas/PanelView.tsx, src/canvas/QuickEdit.tsx, src/canvas/WorkspaceContextBar.tsx, src/canvas/context-bar/ContextBar.tsx, ..., dynamic import will not move module into another chunk.

[plugin builtin:vite-reporter] 
(!) Some chunks are larger than 500 kB after minification. Consider:
- Using dynamic import() to code-split the application
- Use build.rolldownOptions.output.codeSplitting to improve chunking: https://rolldown.rs/reference/OutputOptions.codeSplitting
- Adjust chunk size limit for this warning via build.chunkSizeWarningLimit.
✓ built in 503ms
tailwind-scan-check: dist/assets/index-7yGgmWmw.css 85123 字节、1235 个规则块；正向 11/11 在、金丝雀 .tracking-widest 0 条
✓ 前端已就位: src/tavotto/web（8 个文件）
