# cmd: /Volumes/Projects/Tavotto/.venv/bin/python -m pytest tests/test_override_history_sequences.py -p no:cacheprovider -rA --durations=3
# start: 2026-09-24T19:17:09Z
# sha: 12e4ea6022b60505ae8ab3e14c4c3bdc4fbf2a9f
# cwd: worktree root
........                                                                 [100%]
==================================== PASSES ====================================
============================= slowest 3 durations ==============================
4.04s call     tests/test_override_history_sequences.py::test_history_and_geometry_sequences[InvMix-1]
3.57s call     tests/test_override_history_sequences.py::test_history_and_geometry_sequences[InvMix-0]
3.50s call     tests/test_override_history_sequences.py::test_history_and_geometry_sequences[InvMix-2]
=========================== short test summary info ============================
PASSED tests/test_override_history_sequences.py::test_generator_really_exercises_history_and_geometry[InvMix]
PASSED tests/test_override_history_sequences.py::test_generator_really_exercises_history_and_geometry[InvCont]
PASSED tests/test_override_history_sequences.py::test_history_and_geometry_sequences[InvMix-0]
PASSED tests/test_override_history_sequences.py::test_history_and_geometry_sequences[InvMix-1]
PASSED tests/test_override_history_sequences.py::test_history_and_geometry_sequences[InvMix-2]
PASSED tests/test_override_history_sequences.py::test_history_and_geometry_sequences[InvCont-0]
PASSED tests/test_override_history_sequences.py::test_history_and_geometry_sequences[InvCont-1]
PASSED tests/test_override_history_sequences.py::test_history_and_geometry_sequences[InvCont-2]
8 passed in 35.69s
# end: 2026-09-24T19:17:45Z
# exit: 0

# ===== 附录：RAND-01-hist16.log =====
# cmd: /Volumes/Projects/Tavotto/.venv/bin/python -m pytest tests/test_override_history_sequences.py -p no:cacheprovider -rA --durations=3
# start: 2026-09-24T18:59:07Z
# sha: 12e4ea6022b60505ae8ab3e14c4c3bdc4fbf2a9f
# cwd: worktree root
..................................                                       [100%]
==================================== PASSES ====================================
============================= slowest 3 durations ==============================
6.28s call     tests/test_override_history_sequences.py::test_history_and_geometry_sequences[InvMix-15]
6.02s call     tests/test_override_history_sequences.py::test_history_and_geometry_sequences[InvMix-13]
5.38s call     tests/test_override_history_sequences.py::test_history_and_geometry_sequences[InvMix-14]
=========================== short test summary info ============================
PASSED tests/test_override_history_sequences.py::test_generator_really_exercises_history_and_geometry[InvMix]
PASSED tests/test_override_history_sequences.py::test_generator_really_exercises_history_and_geometry[InvCont]
PASSED tests/test_override_history_sequences.py::test_history_and_geometry_sequences[InvMix-0]
PASSED tests/test_override_history_sequences.py::test_history_and_geometry_sequences[InvMix-1]
PASSED tests/test_override_history_sequences.py::test_history_and_geometry_sequences[InvMix-2]
PASSED tests/test_override_history_sequences.py::test_history_and_geometry_sequences[InvMix-3]
PASSED tests/test_override_history_sequences.py::test_history_and_geometry_sequences[InvMix-4]
PASSED tests/test_override_history_sequences.py::test_history_and_geometry_sequences[InvMix-5]
PASSED tests/test_override_history_sequences.py::test_history_and_geometry_sequences[InvMix-6]
PASSED tests/test_override_history_sequences.py::test_history_and_geometry_sequences[InvMix-7]
PASSED tests/test_override_history_sequences.py::test_history_and_geometry_sequences[InvMix-8]
PASSED tests/test_override_history_sequences.py::test_history_and_geometry_sequences[InvMix-9]
PASSED tests/test_override_history_sequences.py::test_history_and_geometry_sequences[InvMix-10]
PASSED tests/test_override_history_sequences.py::test_history_and_geometry_sequences[InvMix-11]
PASSED tests/test_override_history_sequences.py::test_history_and_geometry_sequences[InvMix-12]
PASSED tests/test_override_history_sequences.py::test_history_and_geometry_sequences[InvMix-13]
PASSED tests/test_override_history_sequences.py::test_history_and_geometry_sequences[InvMix-14]
PASSED tests/test_override_history_sequences.py::test_history_and_geometry_sequences[InvMix-15]
PASSED tests/test_override_history_sequences.py::test_history_and_geometry_sequences[InvCont-0]
PASSED tests/test_override_history_sequences.py::test_history_and_geometry_sequences[InvCont-1]
PASSED tests/test_override_history_sequences.py::test_history_and_geometry_sequences[InvCont-2]
PASSED tests/test_override_history_sequences.py::test_history_and_geometry_sequences[InvCont-3]
PASSED tests/test_override_history_sequences.py::test_history_and_geometry_sequences[InvCont-4]
PASSED tests/test_override_history_sequences.py::test_history_and_geometry_sequences[InvCont-5]
PASSED tests/test_override_history_sequences.py::test_history_and_geometry_sequences[InvCont-6]
PASSED tests/test_override_history_sequences.py::test_history_and_geometry_sequences[InvCont-7]
PASSED tests/test_override_history_sequences.py::test_history_and_geometry_sequences[InvCont-8]
PASSED tests/test_override_history_sequences.py::test_history_and_geometry_sequences[InvCont-9]
PASSED tests/test_override_history_sequences.py::test_history_and_geometry_sequences[InvCont-10]
PASSED tests/test_override_history_sequences.py::test_history_and_geometry_sequences[InvCont-11]
PASSED tests/test_override_history_sequences.py::test_history_and_geometry_sequences[InvCont-12]
PASSED tests/test_override_history_sequences.py::test_history_and_geometry_sequences[InvCont-13]
PASSED tests/test_override_history_sequences.py::test_history_and_geometry_sequences[InvCont-14]
PASSED tests/test_override_history_sequences.py::test_history_and_geometry_sequences[InvCont-15]
34 passed in 197.18s (0:03:17)
# end: 2026-09-24T19:02:24Z
# exit: 0

# ===== 附录：RAND-01-calibration.log =====
# cmd: /Volumes/Projects/Tavotto/.venv/bin/python docs/qa/2026-09-24/long/repro/rand_history_calibration.py
# start: 2026-09-24T18:48:51Z
# sha: 4dbc424d003112731ba4a5b8fdfe6a7a290e9aa0
# cwd: worktree root
{
 "seeds": 16,
 "steps": 12,
 "per_stem": {
  "InvMix": {
   "actions": {
    "resize": 25,
    "style": 33,
    "move_axes": 29,
    "undo": 41,
    "redo": 11,
    "drag": 53
   },
   "steps_total": 192,
   "list_changed_steps": 192,
   "history_revisits": 52,
   "rejected_steps": 0,
   "anchor_checks": 250,
   "max_anchor_residual_no_geometry": 1.1102230246251565e-16,
   "max_anchor_residual_with_move_or_resize_active": 2.220446049250313e-16
  },
  "InvCont": {
   "actions": {
    "drag": 49,
    "move_axes": 18,
    "style": 46,
    "undo": 41,
    "redo": 12,
    "resize": 26
   },
   "steps_total": 192,
   "list_changed_steps": 192,
   "history_revisits": 53,
   "rejected_steps": 0,
   "anchor_checks": 150,
   "max_anchor_residual_no_geometry": 1.6653345369377348e-16,
   "max_anchor_residual_with_move_or_resize_active": 2.7755575615628914e-16
  }
 }
}
# end: 2026-09-24T18:49:09Z
# exit: 0

# ===== 附录：RAND-01-mutation-M1-hdr.log =====
# cmd: cp -R src <scratch>/mut-src；把 <scratch>/mut-src/tavotto/engine/overrides.py 的 _is_geometry_key 两处 return 改为 `return False  # QA MUTATION M1`；然后
# PYTHONPATH=<scratch>/mut-src PYTHONDONTWRITEBYTECODE=1 TAVOTTO_WORKER_PYTHON=/opt/homebrew/opt/python@3.13/libexec/bin/python3 /Volumes/Projects/Tavotto/.venv/bin/python -m pytest tests/test_override_history_sequences.py tests/test_override_sequences.py -o pythonpath=<scratch>/mut-src -p no:cacheprovider -q -rfE
# 时间: 约 2026-09-24T18:55Z；worktree HEAD 12e4ea60（新测试已提交；worktree 的产品源码未动，变异只在 scratch 副本）
# 注：第一次运行没有加 -o pythonpath，pytest.ini 的 `pythonpath = src` 把副本盖掉 → 全部通过，那是没打到变异的假绿；本日志是加 -o 之后的结果
# 结果：新用例 5 个序列 FAILED（不变式 1），tests/test_override_sequences.py 0 个 FAILED（-q 叠加 pytest.ini 的 -q 成 -qq，没有计数摘要行）
...FFFFF....................s.....                                       [100%]
=================================== FAILURES ===================================
________________ test_history_and_geometry_sequences[InvMix-1] _________________

hot = <tavotto.engine.pool.EngineWorker object at 0x10232ce90>
replay = <tavotto.engine.pool.EngineWorker object at 0x10232cd60>
library = PosixPath('/private/var/folders/fm/3y1w_stx44v_108h6qnw8p180000gn/T/pytest-of-jiaqi/pytest-4875/history-sequence-figures0')
stem = 'InvMix', seed = 1

    @pytest.mark.parametrize("seed", SEEDS)
    @pytest.mark.parametrize("stem", STEMS)
    def test_history_and_geometry_sequences(hot, replay, library, stem, seed):
        """每一步：HOT == CLEAR+REPLAY、拖动锚点守恒、回访状态逐字相同；结束 HOT == FRESH。"""
        base = _apply(hot, stem)
        tag = f"hist-{stem}-s{seed}"
        gen, h = Generator(random.Random(f"hist:{stem}:{seed}"), base), History()
        first_seen = {_k([]): (base, _png(hot, stem, [], f"{tag}-base"))}
        man_now = base
        seq: list[list[dict]] = []
        log: list[str] = []
        for k in range(STEPS):
            kind = gen.step(h, man_now)
            one = [dict(p) for p in h.current]
            seq.append(one)
            log.append(kind)
            hot_man = _apply(hot, stem, one)
            _apply(replay, stem, [])
            replay_man = _apply(replay, stem, one)
            hot_png = _png(hot, stem, one, f"{tag}-hot-{k}")
            replay_png = _png(replay, stem, one, f"{tag}-replay-{k}")
            where = f"{tag} 第 {k} 步（{kind}）；动作 {log}\n{_describe(seq)}"
            paths = _diff_paths(hot_man, replay_man)
            if paths or hot_png != replay_png:
                minimal = _minimize(library, stem, seq, tag)
>               pytest.fail(
# …… 截断：中间 76 行省略（原始共 266 行）……

    @pytest.mark.parametrize("seed", SEEDS)
    @pytest.mark.parametrize("stem", STEMS)
    def test_history_and_geometry_sequences(hot, replay, library, stem, seed):
        """每一步：HOT == CLEAR+REPLAY、拖动锚点守恒、回访状态逐字相同；结束 HOT == FRESH。"""
        base = _apply(hot, stem)
        tag = f"hist-{stem}-s{seed}"
        gen, h = Generator(random.Random(f"hist:{stem}:{seed}"), base), History()
        first_seen = {_k([]): (base, _png(hot, stem, [], f"{tag}-base"))}
        man_now = base
        seq: list[list[dict]] = []
        log: list[str] = []
        for k in range(STEPS):
            kind = gen.step(h, man_now)
            one = [dict(p) for p in h.current]
            seq.append(one)
            log.append(kind)
            hot_man = _apply(hot, stem, one)
            _apply(replay, stem, [])
            replay_man = _apply(replay, stem, one)
            hot_png = _png(hot, stem, one, f"{tag}-hot-{k}")
            replay_png = _png(replay, stem, one, f"{tag}-replay-{k}")
            where = f"{tag} 第 {k} 步（{kind}）；动作 {log}\n{_describe(seq)}"
            paths = _diff_paths(hot_man, replay_man)
            if paths or hot_png != replay_png:
                minimal = _minimize(library, stem, seq, tag)
>               pytest.fail(
                    f"{where}\n不变式 1：热态 ≠ 清空重放（manifest 差 {sorted(paths)[:8]}，"
                    f"像素{'不同' if hot_png != replay_png else '相同'}）。最小化后：\n{_describe(minimal)}"
                )
E               Failed: hist-InvCont-s0 第 1 步（move_axes）；动作 ['drag:axes_0.legend', 'move_axes']
E                 step 0: [{"gid": "axes_0.legend", "prop": "loc_frac", "value": [0.1852, 0.3388]}]
E                 step 1: [{"gid": "axes_0.legend", "prop": "loc_frac", "value": [0.1852, 0.3388]}, {"gid": "axes_0", "prop": "position", "value": [0.1518, 0.1205, 0.6984, 0.7091]}]
E               不变式 1：热态 ≠ 清空重放（manifest 差 ['elements[axes_0.legend.texts_0].bbox', 'elements[axes_0.legend.texts_1].bbox', 'elements[axes_0.legend.texts_2].bbox', 'elements[axes_0.legend].anchor', 'elements[axes_0.legend].bbox']，像素不同）。最小化后：
E                 step 0: [{"gid": "axes_0.legend", "prop": "loc_frac", "value": [0.1852, 0.3388]}]
E                 step 1: [{"gid": "axes_0.legend", "prop": "loc_frac", "value": [0.1852, 0.3388]}, {"gid": "axes_0", "prop": "position", "value": [0.1518, 0.1205, 0.6984, 0.7091]}]

tests/test_override_history_sequences.py:266: Failed
________________ test_history_and_geometry_sequences[InvCont-1] ________________

hot = <tavotto.engine.pool.EngineWorker object at 0x10232d220>
replay = <tavotto.engine.pool.EngineWorker object at 0x10232c8a0>
library = PosixPath('/private/var/folders/fm/3y1w_stx44v_108h6qnw8p180000gn/T/pytest-of-jiaqi/pytest-4875/history-sequence-figures0')
stem = 'InvCont', seed = 1

    @pytest.mark.parametrize("seed", SEEDS)
    @pytest.mark.parametrize("stem", STEMS)
    def test_history_and_geometry_sequences(hot, replay, library, stem, seed):
        """每一步：HOT == CLEAR+REPLAY、拖动锚点守恒、回访状态逐字相同；结束 HOT == FRESH。"""
        base = _apply(hot, stem)
        tag = f"hist-{stem}-s{seed}"
        gen, h = Generator(random.Random(f"hist:{stem}:{seed}"), base), History()
        first_seen = {_k([]): (base, _png(hot, stem, [], f"{tag}-base"))}
        man_now = base
        seq: list[list[dict]] = []
        log: list[str] = []
        for k in range(STEPS):
            kind = gen.step(h, man_now)
            one = [dict(p) for p in h.current]
            seq.append(one)
            log.append(kind)
            hot_man = _apply(hot, stem, one)
            _apply(replay, stem, [])
            replay_man = _apply(replay, stem, one)
            hot_png = _png(hot, stem, one, f"{tag}-hot-{k}")
            replay_png = _png(replay, stem, one, f"{tag}-replay-{k}")
            where = f"{tag} 第 {k} 步（{kind}）；动作 {log}\n{_describe(seq)}"
            paths = _diff_paths(hot_man, replay_man)
            if paths or hot_png != replay_png:
                minimal = _minimize(library, stem, seq, tag)
>               pytest.fail(
                    f"{where}\n不变式 1：热态 ≠ 清空重放（manifest 差 {sorted(paths)[:8]}，"
                    f"像素{'不同' if hot_png != replay_png else '相同'}）。最小化后：\n{_describe(minimal)}"
                )
E               Failed: hist-InvCont-s1 第 11 步（resize）；动作 ['style', 'undo', 'redo', 'style', 'style', 'drag:axes_0.legend', 'undo', 'drag:axes_0.legend', 'style', 'drag:axes_0.legend', 'drag:axes_0.legend', 'resize']
E                 step 0: [{"gid": "axes_0.legend.texts_2", "prop": "binding", "value": "custom"}]
E                 step 1: []
E                 step 2: [{"gid": "axes_0.legend.texts_2", "prop": "binding", "value": "custom"}]
E                 step 3: [{"gid": "axes_0.legend.texts_2", "prop": "binding", "value": "custom"}, {"gid": "axes_0.errorbar_2", "prop": "capsize", "value": 7.5}]
E                 step 4: [{"gid": "axes_0.legend.texts_2", "prop": "binding", "value": "custom"}, {"gid": "axes_0.errorbar_2", "prop": "capsize", "value": 7.5}, {"gid": "axes_0.stemseries_0", "prop": "alpha", "value": 0.9}]
E                 step 5: [{"gid": "axes_0.legend.texts_2", "prop": "binding", "value": "custom"}, {"gid": "axes_0.errorbar_2", "prop": "capsize", "value": 7.5}, {"gid": "axes_0.stemseries_0", "prop": "alpha", "value": 0.9}, {"gid": "axes_0.legend", "prop": "loc_frac", "value": [0.1985, 0.3228]}]
E                 step 6: [{"gid": "axes_0.legend.texts_2", "prop": "binding", "value": "custom"}, {"gid": "axes_0.errorbar_2", "prop": "capsize", "value": 7.5}, {"gid": "axes_0.stemseries_0", "prop": "alpha", "value": 0.9}]
E                 step 7: [{"gid": "axes_0.legend.texts_2", "prop": "binding", "value": "custom"}, {"gid": "axes_0.errorbar_2", "prop": "capsize", "value": 7.5}, {"gid": "axes_0.stemseries_0", "prop": "alpha", "value": 0.9}, {"gid": "axes_0.legend", "prop": "loc_frac", "value": [0.1336, 0.3799]}]
E                 step 8: [{"gid": "axes_0.legend.texts_2", "prop": "binding", "value": "custom"}, {"gid": "axes_0.errorbar_2", "prop": "capsize", "value": 7.5}, {"gid": "axes_0.stemseries_0", "prop": "alpha", "value": 0.9}, {"gid": "axes_0.legend", "prop": "loc_frac", "value": [0.1336, 0.3799]}, {"gid": "axes_0.legend.texts_2", "prop": "rotation", "value": 36.0}]
E                 step 9: [{"gid": "axes_0.legend.texts_2", "prop": "binding", "value": "custom"}, {"gid": "axes_0.errorbar_2", "prop": "capsize", "value": 7.5}, {"gid": "axes_0.stemseries_0", "prop": "alpha", "value": 0.9}, {"gid": "axes_0.legend", "prop": "loc_frac", "value": [0.1182, 0.4011]}, {"gid": "axes_0.legend.texts_2", "prop": "rotation", "value": 36.0}]
E                 step 10: [{"gid": "axes_0.legend.texts_2", "prop": "binding", "value": "custom"}, {"gid": "axes_0.errorbar_2", "prop": "capsize", "value": 7.5}, {"gid": "axes_0.stemseries_0", "prop": "alpha", "value": 0.9}, {"gid": "axes_0.legend", "prop": "loc_frac", "value": [0.1068, 0.373]}, {"gid": "axes_0.legend.texts_2", "prop": "rotation", "value": 36.0}]
E                 step 11: [{"gid": "axes_0.legend.texts_2", "prop": "binding", "value": "custom"}, {"gid": "axes_0.errorbar_2", "prop": "capsize", "value": 7.5}, {"gid": "axes_0.stemseries_0", "prop": "alpha", "value": 0.9}, {"gid": "axes_0.legend", "prop": "loc_frac", "value": [0.1068, 0.373]}, {"gid": "axes_0.legend.texts_2", "prop": "rotation", "value": 36.0}, {"gid": "figure", "prop": "size_mm", "value": [119.5, 91.1]}]
E               不变式 1：热态 ≠ 清空重放（manifest 差 ['elements[axes_0.legend.texts_0].bbox', 'elements[axes_0.legend.texts_1].bbox', 'elements[axes_0.legend.texts_2].bbox', 'elements[axes_0.legend].anchor', 'elements[axes_0.legend].bbox']，像素相同）。最小化后：
E                 step 0: [{"gid": "axes_0.legend.texts_2", "prop": "binding", "value": "custom"}, {"gid": "axes_0.errorbar_2", "prop": "capsize", "value": 7.5}, {"gid": "axes_0.stemseries_0", "prop": "alpha", "value": 0.9}, {"gid": "axes_0.legend", "prop": "loc_frac", "value": [0.1068, 0.373]}, {"gid": "axes_0.legend.texts_2", "prop": "rotation", "value": 36.0}]
E                 step 1: [{"gid": "axes_0.legend.texts_2", "prop": "binding", "value": "custom"}, {"gid": "axes_0.errorbar_2", "prop": "capsize", "value": 7.5}, {"gid": "axes_0.stemseries_0", "prop": "alpha", "value": 0.9}, {"gid": "axes_0.legend", "prop": "loc_frac", "value": [0.1068, 0.373]}, {"gid": "axes_0.legend.texts_2", "prop": "rotation", "value": 36.0}, {"gid": "figure", "prop": "size_mm", "value": [119.5, 91.1]}]

tests/test_override_history_sequences.py:266: Failed
________________ test_history_and_geometry_sequences[InvCont-2] ________________

hot = <tavotto.engine.pool.EngineWorker object at 0x10232e060>
replay = <tavotto.engine.pool.EngineWorker object at 0x10232df30>
library = PosixPath('/private/var/folders/fm/3y1w_stx44v_108h6qnw8p180000gn/T/pytest-of-jiaqi/pytest-4875/history-sequence-figures0')
stem = 'InvCont', seed = 2

    @pytest.mark.parametrize("seed", SEEDS)
    @pytest.mark.parametrize("stem", STEMS)
    def test_history_and_geometry_sequences(hot, replay, library, stem, seed):
        """每一步：HOT == CLEAR+REPLAY、拖动锚点守恒、回访状态逐字相同；结束 HOT == FRESH。"""
        base = _apply(hot, stem)
        tag = f"hist-{stem}-s{seed}"
        gen, h = Generator(random.Random(f"hist:{stem}:{seed}"), base), History()
        first_seen = {_k([]): (base, _png(hot, stem, [], f"{tag}-base"))}
        man_now = base
        seq: list[list[dict]] = []
        log: list[str] = []
        for k in range(STEPS):
            kind = gen.step(h, man_now)
            one = [dict(p) for p in h.current]
            seq.append(one)
            log.append(kind)
            hot_man = _apply(hot, stem, one)
            _apply(replay, stem, [])
            replay_man = _apply(replay, stem, one)
            hot_png = _png(hot, stem, one, f"{tag}-hot-{k}")
            replay_png = _png(replay, stem, one, f"{tag}-replay-{k}")
            where = f"{tag} 第 {k} 步（{kind}）；动作 {log}\n{_describe(seq)}"
            paths = _diff_paths(hot_man, replay_man)
            if paths or hot_png != replay_png:
                minimal = _minimize(library, stem, seq, tag)
>               pytest.fail(
                    f"{where}\n不变式 1：热态 ≠ 清空重放（manifest 差 {sorted(paths)[:8]}，"
                    f"像素{'不同' if hot_png != replay_png else '相同'}）。最小化后：\n{_describe(minimal)}"
                )
E               Failed: hist-InvCont-s2 第 7 步（move_axes）；动作 ['style', 'drag:axes_0.legend', 'style', 'drag:axes_0.legend', 'undo', 'style', 'drag:axes_0.legend', 'move_axes']
E                 step 0: [{"gid": "axes_0.stemseries_0", "prop": "color", "value": "#123456"}]
E                 step 1: [{"gid": "axes_0.stemseries_0", "prop": "color", "value": "#123456"}, {"gid": "axes_0.legend", "prop": "loc_frac", "value": [0.1971, 0.3382]}]
E                 step 2: [{"gid": "axes_0.stemseries_0", "prop": "color", "value": "#123456"}, {"gid": "axes_0.legend", "prop": "loc_frac", "value": [0.1971, 0.3382]}, {"gid": "axes_0.legend", "prop": "handlelength", "value": 2.5}]
E                 step 3: [{"gid": "axes_0.stemseries_0", "prop": "color", "value": "#123456"}, {"gid": "axes_0.legend", "prop": "loc_frac", "value": [0.2157, 0.3334]}, {"gid": "axes_0.legend", "prop": "handlelength", "value": 2.5}]
E                 step 4: [{"gid": "axes_0.stemseries_0", "prop": "color", "value": "#123456"}, {"gid": "axes_0.legend", "prop": "loc_frac", "value": [0.1971, 0.3382]}, {"gid": "axes_0.legend", "prop": "handlelength", "value": 2.5}]
E                 step 5: [{"gid": "axes_0.stemseries_0", "prop": "color", "value": "#123456"}, {"gid": "axes_0.legend", "prop": "loc_frac", "value": [0.1971, 0.3382]}, {"gid": "axes_0.legend", "prop": "handlelength", "value": 2.5}, {"gid": "axes_0.legend.texts_2", "prop": "weight", "value": "bold"}]
E                 step 6: [{"gid": "axes_0.stemseries_0", "prop": "color", "value": "#123456"}, {"gid": "axes_0.legend", "prop": "loc_frac", "value": [0.2555, 0.3187]}, {"gid": "axes_0.legend", "prop": "handlelength", "value": 2.5}, {"gid": "axes_0.legend.texts_2", "prop": "weight", "value": "bold"}]
E                 step 7: [{"gid": "axes_0.stemseries_0", "prop": "color", "value": "#123456"}, {"gid": "axes_0.legend", "prop": "loc_frac", "value": [0.2555, 0.3187]}, {"gid": "axes_0.legend", "prop": "handlelength", "value": 2.5}, {"gid": "axes_0.legend.texts_2", "prop": "weight", "value": "bold"}, {"gid": "axes_0", "prop": "position", "value": [0.1226, 0.1257, 0.7567, 0.7569]}]
E               不变式 1：热态 ≠ 清空重放（manifest 差 ['elements[axes_0.legend.texts_0].bbox', 'elements[axes_0.legend.texts_1].bbox', 'elements[axes_0.legend.texts_2].bbox', 'elements[axes_0.legend].anchor', 'elements[axes_0.legend].bbox']，像素不同）。最小化后：
E                 step 0: [{"gid": "axes_0.stemseries_0", "prop": "color", "value": "#123456"}, {"gid": "axes_0.legend", "prop": "loc_frac", "value": [0.2555, 0.3187]}, {"gid": "axes_0.legend", "prop": "handlelength", "value": 2.5}, {"gid": "axes_0.legend.texts_2", "prop": "weight", "value": "bold"}]
E                 step 1: [{"gid": "axes_0.stemseries_0", "prop": "color", "value": "#123456"}, {"gid": "axes_0.legend", "prop": "loc_frac", "value": [0.2555, 0.3187]}, {"gid": "axes_0.legend", "prop": "handlelength", "value": 2.5}, {"gid": "axes_0.legend.texts_2", "prop": "weight", "value": "bold"}, {"gid": "axes_0", "prop": "position", "value": [0.1226, 0.1257, 0.7567, 0.7569]}]

tests/test_override_history_sequences.py:266: Failed
=========================== short test summary info ============================
FAILED tests/test_override_history_sequences.py::test_history_and_geometry_sequences[InvMix-1]
FAILED tests/test_override_history_sequences.py::test_history_and_geometry_sequences[InvMix-2]
FAILED tests/test_override_history_sequences.py::test_history_and_geometry_sequences[InvCont-0]
FAILED tests/test_override_history_sequences.py::test_history_and_geometry_sequences[InvCont-1]
FAILED tests/test_override_history_sequences.py::test_history_and_geometry_sequences[InvCont-2]
exit=1
# 还原：正常源码上的默认运行见 RAND-01.log 主体（8 passed, exit 0）
