# cmd: /Volumes/Projects/Tavotto/.venv/bin/python -m pytest tests/test_override_sequences.py -p no:cacheprovider -q -rA --durations=5
# start: 2026-09-24T18:26:24Z
# sha: 62af729c2f84652bf3979c25b0c3117fcfa756a5
# cwd: worktree root
....................s.....                                               [100%]
==================================== PASSES ====================================
============================= slowest 5 durations ==============================
11.15s call     tests/test_override_sequences.py::test_random_sequences_keep_hot_equal_to_replay[InvMix-7]
5.18s setup    tests/test_override_sequences.py::test_fixed_regressions[412-bbox-visible-removed]
4.43s setup    tests/test_override_sequences.py::test_fixed_regressions[412-bbox-visible-toggled-off]
4.40s call     tests/test_override_sequences.py::test_random_sequences_keep_hot_equal_to_replay[InvCont-2]
4.04s setup    tests/test_override_sequences.py::test_fixed_regressions[414-custom-binding-then-source-changes]
=========================== short test summary info ============================
PASSED tests/test_override_sequences.py::test_seed_slice_semantics
PASSED tests/test_override_sequences.py::test_shape_matcher_semantics
PASSED tests/test_override_sequences.py::test_the_candidate_pool_is_wide[InvMix]
PASSED tests/test_override_sequences.py::test_the_candidate_pool_is_wide[InvCont]
PASSED tests/test_override_sequences.py::test_random_sequences_keep_hot_equal_to_replay[InvMix-0]
PASSED tests/test_override_sequences.py::test_random_sequences_keep_hot_equal_to_replay[InvMix-1]
PASSED tests/test_override_sequences.py::test_random_sequences_keep_hot_equal_to_replay[InvMix-2]
PASSED tests/test_override_sequences.py::test_random_sequences_keep_hot_equal_to_replay[InvMix-3]
PASSED tests/test_override_sequences.py::test_random_sequences_keep_hot_equal_to_replay[InvMix-4]
PASSED tests/test_override_sequences.py::test_random_sequences_keep_hot_equal_to_replay[InvMix-5]
PASSED tests/test_override_sequences.py::test_random_sequences_keep_hot_equal_to_replay[InvMix-6]
PASSED tests/test_override_sequences.py::test_random_sequences_keep_hot_equal_to_replay[InvMix-7]
PASSED tests/test_override_sequences.py::test_random_sequences_keep_hot_equal_to_replay[InvCont-0]
PASSED tests/test_override_sequences.py::test_random_sequences_keep_hot_equal_to_replay[InvCont-1]
PASSED tests/test_override_sequences.py::test_random_sequences_keep_hot_equal_to_replay[InvCont-2]
PASSED tests/test_override_sequences.py::test_random_sequences_keep_hot_equal_to_replay[InvCont-3]
PASSED tests/test_override_sequences.py::test_random_sequences_keep_hot_equal_to_replay[InvCont-4]
PASSED tests/test_override_sequences.py::test_random_sequences_keep_hot_equal_to_replay[InvCont-5]
PASSED tests/test_override_sequences.py::test_random_sequences_keep_hot_equal_to_replay[InvCont-6]
PASSED tests/test_override_sequences.py::test_random_sequences_keep_hot_equal_to_replay[InvCont-7]
PASSED tests/test_override_sequences.py::test_fixed_regressions[413-preview-png-then-hide-legend]
PASSED tests/test_override_sequences.py::test_fixed_regressions[412-bbox-visible-removed]
PASSED tests/test_override_sequences.py::test_fixed_regressions[412-bbox-visible-toggled-off]
PASSED tests/test_override_sequences.py::test_fixed_regressions[414-custom-binding-then-source-changes]
PASSED tests/test_override_sequences.py::test_fixed_regressions[423-edgecolor-undo-then-hatch]
SKIPPED [1] tests/test_override_sequences.py:537: got empty parameter set for (case_id, issue, stem, steps)
# end: 2026-09-24T18:28:47Z
# exit: 0

# ===== 附录：RAND-02-seeds32.log =====
# cmd: /Volumes/Projects/Tavotto/.venv/bin/python -m pytest tests/test_override_sequences.py -p no:cacheprovider -q -rA --durations=5
# start: 2026-09-24T18:29:08Z
# sha: 62af729c2f84652bf3979c25b0c3117fcfa756a5
# cwd: worktree root
....................................................................s... [ 97%]
..                                                                       [100%]
==================================== PASSES ====================================
============================= slowest 5 durations ==============================
10.21s call     tests/test_override_sequences.py::test_random_sequences_keep_hot_equal_to_replay[InvMix-23]
4.73s call     tests/test_override_sequences.py::test_random_sequences_keep_hot_equal_to_replay[InvMix-3]
4.62s setup    tests/test_override_sequences.py::test_random_sequences_keep_hot_equal_to_replay[InvMix-4]
4.38s call     tests/test_override_sequences.py::test_random_sequences_keep_hot_equal_to_replay[InvMix-0]
4.34s call     tests/test_override_sequences.py::test_random_sequences_keep_hot_equal_to_replay[InvMix-31]
=========================== short test summary info ============================
PASSED tests/test_override_sequences.py::test_seed_slice_semantics
PASSED tests/test_override_sequences.py::test_shape_matcher_semantics
PASSED tests/test_override_sequences.py::test_the_candidate_pool_is_wide[InvMix]
PASSED tests/test_override_sequences.py::test_the_candidate_pool_is_wide[InvCont]
PASSED tests/test_override_sequences.py::test_random_sequences_keep_hot_equal_to_replay[InvMix-0]
PASSED tests/test_override_sequences.py::test_random_sequences_keep_hot_equal_to_replay[InvMix-1]
PASSED tests/test_override_sequences.py::test_random_sequences_keep_hot_equal_to_replay[InvMix-2]
PASSED tests/test_override_sequences.py::test_random_sequences_keep_hot_equal_to_replay[InvMix-3]
PASSED tests/test_override_sequences.py::test_random_sequences_keep_hot_equal_to_replay[InvMix-4]
PASSED tests/test_override_sequences.py::test_random_sequences_keep_hot_equal_to_replay[InvMix-5]
PASSED tests/test_override_sequences.py::test_random_sequences_keep_hot_equal_to_replay[InvMix-6]
PASSED tests/test_override_sequences.py::test_random_sequences_keep_hot_equal_to_replay[InvMix-7]
PASSED tests/test_override_sequences.py::test_random_sequences_keep_hot_equal_to_replay[InvMix-8]
PASSED tests/test_override_sequences.py::test_random_sequences_keep_hot_equal_to_replay[InvMix-9]
PASSED tests/test_override_sequences.py::test_random_sequences_keep_hot_equal_to_replay[InvMix-10]
PASSED tests/test_override_sequences.py::test_random_sequences_keep_hot_equal_to_replay[InvMix-11]
PASSED tests/test_override_sequences.py::test_random_sequences_keep_hot_equal_to_replay[InvMix-12]
PASSED tests/test_override_sequences.py::test_random_sequences_keep_hot_equal_to_replay[InvMix-13]
PASSED tests/test_override_sequences.py::test_random_sequences_keep_hot_equal_to_replay[InvMix-14]
PASSED tests/test_override_sequences.py::test_random_sequences_keep_hot_equal_to_replay[InvMix-15]
PASSED tests/test_override_sequences.py::test_random_sequences_keep_hot_equal_to_replay[InvMix-16]
PASSED tests/test_override_sequences.py::test_random_sequences_keep_hot_equal_to_replay[InvMix-17]
PASSED tests/test_override_sequences.py::test_random_sequences_keep_hot_equal_to_replay[InvMix-18]
PASSED tests/test_override_sequences.py::test_random_sequences_keep_hot_equal_to_replay[InvMix-19]
PASSED tests/test_override_sequences.py::test_random_sequences_keep_hot_equal_to_replay[InvMix-20]
PASSED tests/test_override_sequences.py::test_random_sequences_keep_hot_equal_to_replay[InvMix-21]
PASSED tests/test_override_sequences.py::test_random_sequences_keep_hot_equal_to_replay[InvMix-22]
PASSED tests/test_override_sequences.py::test_random_sequences_keep_hot_equal_to_replay[InvMix-23]
PASSED tests/test_override_sequences.py::test_random_sequences_keep_hot_equal_to_replay[InvMix-24]
PASSED tests/test_override_sequences.py::test_random_sequences_keep_hot_equal_to_replay[InvMix-25]
PASSED tests/test_override_sequences.py::test_random_sequences_keep_hot_equal_to_replay[InvMix-26]
PASSED tests/test_override_sequences.py::test_random_sequences_keep_hot_equal_to_replay[InvMix-27]
PASSED tests/test_override_sequences.py::test_random_sequences_keep_hot_equal_to_replay[InvMix-28]
PASSED tests/test_override_sequences.py::test_random_sequences_keep_hot_equal_to_replay[InvMix-29]
PASSED tests/test_override_sequences.py::test_random_sequences_keep_hot_equal_to_replay[InvMix-30]
PASSED tests/test_override_sequences.py::test_random_sequences_keep_hot_equal_to_replay[InvMix-31]
PASSED tests/test_override_sequences.py::test_random_sequences_keep_hot_equal_to_replay[InvCont-0]
PASSED tests/test_override_sequences.py::test_random_sequences_keep_hot_equal_to_replay[InvCont-1]
PASSED tests/test_override_sequences.py::test_random_sequences_keep_hot_equal_to_replay[InvCont-2]
PASSED tests/test_override_sequences.py::test_random_sequences_keep_hot_equal_to_replay[InvCont-3]
PASSED tests/test_override_sequences.py::test_random_sequences_keep_hot_equal_to_replay[InvCont-4]
PASSED tests/test_override_sequences.py::test_random_sequences_keep_hot_equal_to_replay[InvCont-5]
PASSED tests/test_override_sequences.py::test_random_sequences_keep_hot_equal_to_replay[InvCont-6]
PASSED tests/test_override_sequences.py::test_random_sequences_keep_hot_equal_to_replay[InvCont-7]
PASSED tests/test_override_sequences.py::test_random_sequences_keep_hot_equal_to_replay[InvCont-8]
PASSED tests/test_override_sequences.py::test_random_sequences_keep_hot_equal_to_replay[InvCont-9]
PASSED tests/test_override_sequences.py::test_random_sequences_keep_hot_equal_to_replay[InvCont-10]
PASSED tests/test_override_sequences.py::test_random_sequences_keep_hot_equal_to_replay[InvCont-11]
PASSED tests/test_override_sequences.py::test_random_sequences_keep_hot_equal_to_replay[InvCont-12]
PASSED tests/test_override_sequences.py::test_random_sequences_keep_hot_equal_to_replay[InvCont-13]
PASSED tests/test_override_sequences.py::test_random_sequences_keep_hot_equal_to_replay[InvCont-14]
PASSED tests/test_override_sequences.py::test_random_sequences_keep_hot_equal_to_replay[InvCont-15]
PASSED tests/test_override_sequences.py::test_random_sequences_keep_hot_equal_to_replay[InvCont-16]
PASSED tests/test_override_sequences.py::test_random_sequences_keep_hot_equal_to_replay[InvCont-17]
PASSED tests/test_override_sequences.py::test_random_sequences_keep_hot_equal_to_replay[InvCont-18]
PASSED tests/test_override_sequences.py::test_random_sequences_keep_hot_equal_to_replay[InvCont-19]
PASSED tests/test_override_sequences.py::test_random_sequences_keep_hot_equal_to_replay[InvCont-20]
PASSED tests/test_override_sequences.py::test_random_sequences_keep_hot_equal_to_replay[InvCont-21]
PASSED tests/test_override_sequences.py::test_random_sequences_keep_hot_equal_to_replay[InvCont-22]
PASSED tests/test_override_sequences.py::test_random_sequences_keep_hot_equal_to_replay[InvCont-23]
PASSED tests/test_override_sequences.py::test_random_sequences_keep_hot_equal_to_replay[InvCont-24]
PASSED tests/test_override_sequences.py::test_random_sequences_keep_hot_equal_to_replay[InvCont-25]
PASSED tests/test_override_sequences.py::test_random_sequences_keep_hot_equal_to_replay[InvCont-26]
PASSED tests/test_override_sequences.py::test_random_sequences_keep_hot_equal_to_replay[InvCont-27]
PASSED tests/test_override_sequences.py::test_random_sequences_keep_hot_equal_to_replay[InvCont-28]
PASSED tests/test_override_sequences.py::test_random_sequences_keep_hot_equal_to_replay[InvCont-29]
PASSED tests/test_override_sequences.py::test_random_sequences_keep_hot_equal_to_replay[InvCont-30]
PASSED tests/test_override_sequences.py::test_random_sequences_keep_hot_equal_to_replay[InvCont-31]
PASSED tests/test_override_sequences.py::test_fixed_regressions[413-preview-png-then-hide-legend]
PASSED tests/test_override_sequences.py::test_fixed_regressions[412-bbox-visible-removed]
PASSED tests/test_override_sequences.py::test_fixed_regressions[412-bbox-visible-toggled-off]
PASSED tests/test_override_sequences.py::test_fixed_regressions[414-custom-binding-then-source-changes]
PASSED tests/test_override_sequences.py::test_fixed_regressions[423-edgecolor-undo-then-hatch]
SKIPPED [1] tests/test_override_sequences.py:537: got empty parameter set for (case_id, issue, stem, steps)
# end: 2026-09-24T18:36:05Z
# exit: 0

# ===== 附录：RAND-02-effective.log =====
# cmd: /Volumes/Projects/Tavotto/.venv/bin/python docs/qa/2026-09-24/long/repro/rand_effective_ops.py
# start: 2026-09-24T18:44:36Z
# sha: 4dbc424d003112731ba4a5b8fdfe6a7a290e9aa0
# cwd: worktree root
{
 "seeds": 32,
 "steps_per_seq": 10,
 "per_stem": {
  "InvMix": {
   "candidate_groups": 303,
   "steps_total": 320,
   "actions": {
    "add(forced)": 29,
    "add": 150,
    "remove": 78,
    "change": 61,
    "add_same": 2
   },
   "list_noop_steps": 2,
   "effective_steps": 311,
   "effective_ratio": 0.972,
   "rejected_steps": 0,
   "distinct_role_prop_touched": 76,
   "roles_touched": [
    "collection",
    "fill",
    "legend",
    "legend_text",
    "line",
    "linecoll",
    "patch",
    "scatter"
   ],
   "geometry_prop_occurrences": 0
  },
  "InvCont": {
   "candidate_groups": 140,
   "steps_total": 320,
   "actions": {
    "add(forced)": 30,
    "add": 155,
    "change": 44,
    "remove": 89,
    "add_same": 2
   },
   "list_noop_steps": 2,
   "effective_steps": 315,
   "effective_ratio": 0.984,
   "rejected_steps": 0,
   "distinct_role_prop_touched": 73,
   "roles_touched": [
    "bar",
    "bar_series",
    "errorbar",
    "legend",
    "legend_text",
    "line",
    "stem_series"
   ],
   "geometry_prop_occurrences": 0
  }
 }
}
# end: 2026-09-24T18:45:18Z
# exit: 0
