# cmd: /Volumes/Projects/Tavotto/.venv/bin/python docs/qa/2026-09-24/long/repro/long_probe.py --mode long02 --minutes 1 --port 5407 --fixtures <scratch>/qa/vlong/fx --out <scratch>/qa/vlong/run-long02-m4
# start: 2026-09-24T20:33:27Z
# sha: d566c865a34f1cf9a1aceb849b43478d780ddd4b
# cwd: worktree root
{
 "mode": "long02",
 "seed": 0,
 "minutes_budget": 1.0,
 "wall_s": 24.0,
 "iterations": 1,
 "counts": {
  "render_ok": 12,
  "render_checked": 12,
  "revisits_equal": 2,
  "exports_ok": 2,
  "undo": 2,
  "redo": 0,
  "kills": 0,
  "faults": 0,
  "recovered": 0,
  "visible_errors": 0,
  "project_cycles": 1
 },
 "first_failure": {
  "where": "it1-projA-close",
  "invariant": "关闭项目 3.5 s 后仍有 worker 进程 [14696]"
 },
 "probe_error": null,
 "stop": {
  "clean_exit": true,
  "leftover": []
 },
 "user_files_unchanged": true,
 "samples": 3,
 "trend": {
  "rss_kib": {
   "first_after_warm": 129984,
   "last": 288800,
   "min": 129984,
   "max": 292192
  },
  "rss_server_kib": {
   "first_after_warm": 96112,
   "last": 60608,
   "min": 60608,
   "max": 96112
  },
  "threads": {
   "first_after_warm": 3,
   "last": 6,
   "min": 3,
   "max": 6
  },
  "fds": {
   "first_after_warm": 86,
   "last": 239,
   "min": 86,
   "max": 239
  },
  "processes": {
   "first_after_warm": 2,
   "last": 4,
   "min": 2,
   "max": 4
  },
  "tmp_files": {
   "first_after_warm": 0,
   "last": 0,
   "min": 0,
   "max": 0
  },
  "cache_bytes": {
   "first_after_warm": 17501,
   "last": 145342,
   "min": 17501,
   "max": 145342
  },
  "export_bytes": {
   "first_after_warm": 0,
   "last": 62257,
   "min": 0,
   "max": 62257
  }
 },
 "states_seen": 10
}
# end: 2026-09-24T20:33:51Z
# exit: 1
