# cmd: /Volumes/Projects/Tavotto/.venv/bin/python -m pytest tests/test_override_sequences.py -p no:cacheprovider -q -rA
# start: 2026-09-24T20:09:22Z
# sha: d566c865a34f1cf9a1aceb849b43478d780ddd4b
# cwd: worktree root
....................s.....                                               [100%]
==================================== PASSES ====================================
=========================== short test summary info ============================
PASSED tests/test_override_sequences.py::test_seed_slice_semantics
PASSED tests/test_override_sequences.py::test_shape_matcher_semantics
PASSED tests/test_override_sequences.py::test_the_candidate_pool_is_wide[InvMix]
PASSED tests/test_override_sequences.py::test_the_candidate_pool_is_wide[InvCont]
PASSED tests/test_override_sequences.py::test_random_sequences_keep_hot_equal_to_replay[InvMix-0]
PASSED tests/test_override_sequences.py::test_random_sequences_keep_hot_equal_to_replay[InvMix-1]
PASSED tests/test_override_sequences.py::test_random_sequences_keep_hot_equal_to_replay[InvMix-2]
PASSED tests/test_override_sequences.py::test_random_sequences_keep_hot_equal_to_replay[InvMix-3]
PASSED tests/test_override_sequences.py::test_random_sequences_keep_hot_equal_to_replay[InvMix-4]
PASSED tests/test_override_sequences.py::test_random_sequences_keep_hot_equal_to_replay[InvMix-5]
PASSED tests/test_override_sequences.py::test_random_sequences_keep_hot_equal_to_replay[InvMix-6]
PASSED tests/test_override_sequences.py::test_random_sequences_keep_hot_equal_to_replay[InvMix-7]
PASSED tests/test_override_sequences.py::test_random_sequences_keep_hot_equal_to_replay[InvCont-0]
PASSED tests/test_override_sequences.py::test_random_sequences_keep_hot_equal_to_replay[InvCont-1]
PASSED tests/test_override_sequences.py::test_random_sequences_keep_hot_equal_to_replay[InvCont-2]
PASSED tests/test_override_sequences.py::test_random_sequences_keep_hot_equal_to_replay[InvCont-3]
PASSED tests/test_override_sequences.py::test_random_sequences_keep_hot_equal_to_replay[InvCont-4]
PASSED tests/test_override_sequences.py::test_random_sequences_keep_hot_equal_to_replay[InvCont-5]
PASSED tests/test_override_sequences.py::test_random_sequences_keep_hot_equal_to_replay[InvCont-6]
PASSED tests/test_override_sequences.py::test_random_sequences_keep_hot_equal_to_replay[InvCont-7]
PASSED tests/test_override_sequences.py::test_fixed_regressions[413-preview-png-then-hide-legend]
PASSED tests/test_override_sequences.py::test_fixed_regressions[412-bbox-visible-removed]
PASSED tests/test_override_sequences.py::test_fixed_regressions[412-bbox-visible-toggled-off]
PASSED tests/test_override_sequences.py::test_fixed_regressions[414-custom-binding-then-source-changes]
PASSED tests/test_override_sequences.py::test_fixed_regressions[423-edgecolor-undo-then-hatch]
SKIPPED [1] tests/test_override_sequences.py:537: got empty parameter set for (case_id, issue, stem, steps)
# end: 2026-09-24T20:10:54Z
# exit: 0
