# cmd: /Volumes/Projects/Tavotto/.venv/bin/python -m pytest tests/test_override_history_sequences.py tests/test_override_sequences.py -o pythonpath=<scratch>/qa/vlong/mut3 -p no:cacheprovider -rfE
# start: 2026-09-24T20:07:13Z
# sha: d566c865a34f1cf9a1aceb849b43478d780ddd4b
# cwd: worktree root
..FFF.......................s.....                                       [100%]
=================================== FAILURES ===================================
________________ test_history_and_geometry_sequences[InvMix-0] _________________

hot = <tavotto.engine.pool.EngineWorker object at 0x106781810>
replay = <tavotto.engine.pool.EngineWorker object at 0x106778050>
library = PosixPath('/private/var/folders/fm/3y1w_stx44v_108h6qnw8p180000gn/T/pytest-of-jiaqi/pytest-5000/history-sequence-figures0')
stem = 'InvMix', seed = 0

    @pytest.mark.parametrize("seed", SEEDS)
    @pytest.mark.parametrize("stem", STEMS)
    def test_history_and_geometry_sequences(hot, replay, library, stem, seed):
        """每一步：HOT == CLEAR+REPLAY、拖动锚点守恒、回访状态逐字相同；结束 HOT == FRESH。"""
        base = _apply(hot, stem)
        tag = f"hist-{stem}-s{seed}"
        gen, h = Generator(random.Random(f"hist:{stem}:{seed}"), base), History()
        first_seen = {_k([]): (base, _png(hot, stem, [], f"{tag}-base"))}
        man_now = base
        seq: list[list[dict]] = []
        log: list[str] = []
        for k in range(STEPS):
            kind = gen.step(h, man_now)
            one = [dict(p) for p in h.current]
            seq.append(one)
            log.append(kind)
            hot_man = _apply(hot, stem, one)
            _apply(replay, stem, [])
            replay_man = _apply(replay, stem, one)
            hot_png = _png(hot, stem, one, f"{tag}-hot-{k}")
            replay_png = _png(replay, stem, one, f"{tag}-replay-{k}")
            where = f"{tag} 第 {k} 步（{kind}）；动作 {log}\n{_describe(seq)}"
            paths = _diff_paths(hot_man, replay_man)
            if paths or hot_png != replay_png:
                minimal = _minimize(library, stem, seq, tag)
                pytest.fail(
                    f"{where}\n不变式 1：热态 ≠ 清空重放（manifest 差 {sorted(paths)[:8]}，"
                    f"像素{'不同' if hot_png != replay_png else '相同'}）。最小化后：\n{_describe(minimal)}"
                )
            bad = _anchor_problems(hot_man, one)
>           assert not bad, f"{where}\n不变式 2：拖动锚点不守恒：{bad}"
E           AssertionError: hist-InvMix-s0 第 7 步（drag:axes_0.patches_2）；动作 ['resize', 'style', 'style', 'move_axes', 'undo', 'redo', 'undo', 'drag:axes_0.patches_2']
E               step 0: [{"gid": "figure", "prop": "size_mm", "value": [92.5, 70.4]}]
E               step 1: [{"gid": "figure", "prop": "size_mm", "value": [92.5, 70.4]}, {"gid": "axes_0.legend", "prop": "borderpad", "value": 0.7}]
E               step 2: [{"gid": "figure", "prop": "size_mm", "value": [92.5, 70.4]}, {"gid": "axes_0.legend", "prop": "borderpad", "value": 0.7}, {"gid": "axes_0.collections_6", "prop": "vmin", "value": -0.4}]
E               step 3: [{"gid": "figure", "prop": "size_mm", "value": [92.5, 70.4]}, {"gid": "axes_0.legend", "prop": "borderpad", "value": 0.7}, {"gid": "axes_0.collections_6", "prop": "vmin", "value": -0.4}, {"gid": "axes_0", "prop": "position", "value": [0.1025, 0.0919, 0.7366, 0.7083]}]
E               step 4: [{"gid": "figure", "prop": "size_mm", "value": [92.5, 70.4]}, {"gid": "axes_0.legend", "prop": "borderpad", "value": 0.7}, {"gid": "axes_0.collections_6", "prop": "vmin", "value": -0.4}]
E               step 5: [{"gid": "figure", "prop": "size_mm", "value": [92.5, 70.4]}, {"gid": "axes_0.legend", "prop": "borderpad", "value": 0.7}, {"gid": "axes_0.collections_6", "prop": "vmin", "value": -0.4}, {"gid": "axes_0", "prop": "position", "value": [0.1025, 0.0919, 0.7366, 0.7083]}]
E               step 6: [{"gid": "figure", "prop": "size_mm", "value": [92.5, 70.4]}, {"gid": "axes_0.legend", "prop": "borderpad", "value": 0.7}, {"gid": "axes_0.collections_6", "prop": "vmin", "value": -0.4}]
E               step 7: [{"gid": "figure", "prop": "size_mm", "value": [92.5, 70.4]}, {"gid": "axes_0.legend", "prop": "borderpad", "value": 0.7}, {"gid": "axes_0.collections_6", "prop": "vmin", "value": -0.4}, {"gid": "axes_0.patches_2", "prop": "pos_frac", "value": [0.2678, 0.6458]}]
E             不变式 2：拖动锚点不守恒：['axes_0.patches_2 锚点 [0.2778, 0.6458] ≠ 声明的 pos_frac [0.2678, 0.6458]（容差 0.002）']
E           assert not ['axes_0.patches_2 锚点 [0.2778, 0.6458] ≠ 声明的 pos_frac [0.2678, 0.6458]（容差 0.002）']

tests/test_override_history_sequences.py:271: AssertionError
________________ test_history_and_geometry_sequences[InvMix-1] _________________

hot = <tavotto.engine.pool.EngineWorker object at 0x1067788a0>
replay = <tavotto.engine.pool.EngineWorker object at 0x106778e90>
library = PosixPath('/private/var/folders/fm/3y1w_stx44v_108h6qnw8p180000gn/T/pytest-of-jiaqi/pytest-5000/history-sequence-figures0')
stem = 'InvMix', seed = 1

    @pytest.mark.parametrize("seed", SEEDS)
    @pytest.mark.parametrize("stem", STEMS)
    def test_history_and_geometry_sequences(hot, replay, library, stem, seed):
        """每一步：HOT == CLEAR+REPLAY、拖动锚点守恒、回访状态逐字相同；结束 HOT == FRESH。"""
        base = _apply(hot, stem)
        tag = f"hist-{stem}-s{seed}"
        gen, h = Generator(random.Random(f"hist:{stem}:{seed}"), base), History()
        first_seen = {_k([]): (base, _png(hot, stem, [], f"{tag}-base"))}
        man_now = base
        seq: list[list[dict]] = []
        log: list[str] = []
        for k in range(STEPS):
            kind = gen.step(h, man_now)
            one = [dict(p) for p in h.current]
            seq.append(one)
            log.append(kind)
            hot_man = _apply(hot, stem, one)
            _apply(replay, stem, [])
            replay_man = _apply(replay, stem, one)
            hot_png = _png(hot, stem, one, f"{tag}-hot-{k}")
            replay_png = _png(replay, stem, one, f"{tag}-replay-{k}")
            where = f"{tag} 第 {k} 步（{kind}）；动作 {log}\n{_describe(seq)}"
            paths = _diff_paths(hot_man, replay_man)
            if paths or hot_png != replay_png:
                minimal = _minimize(library, stem, seq, tag)
                pytest.fail(
                    f"{where}\n不变式 1：热态 ≠ 清空重放（manifest 差 {sorted(paths)[:8]}，"
                    f"像素{'不同' if hot_png != replay_png else '相同'}）。最小化后：\n{_describe(minimal)}"
                )
            bad = _anchor_problems(hot_man, one)
>           assert not bad, f"{where}\n不变式 2：拖动锚点不守恒：{bad}"
E           AssertionError: hist-InvMix-s1 第 9 步（drag:axes_0.patches_1）；动作 ['drag:axes_0.legend', 'resize', 'drag:axes_0.legend', 'undo', 'style', 'resize', 'move_axes', 'resize', 'undo', 'drag:axes_0.patches_1']
E               step 0: [{"gid": "axes_0.legend", "prop": "loc_frac", "value": [0.5912, 0.5258]}]
E               step 1: [{"gid": "axes_0.legend", "prop": "loc_frac", "value": [0.5912, 0.5258]}, {"gid": "figure", "prop": "size_mm", "value": [100.1, 76.3]}]
E               step 2: [{"gid": "axes_0.legend", "prop": "loc_frac", "value": [0.6263, 0.5485]}, {"gid": "figure", "prop": "size_mm", "value": [100.1, 76.3]}]
E               step 3: [{"gid": "axes_0.legend", "prop": "loc_frac", "value": [0.5912, 0.5258]}, {"gid": "figure", "prop": "size_mm", "value": [100.1, 76.3]}]
E               step 4: [{"gid": "axes_0.legend", "prop": "loc_frac", "value": [0.5912, 0.5258]}, {"gid": "figure", "prop": "size_mm", "value": [100.1, 76.3]}, {"gid": "axes_0.legend.texts_4", "prop": "bbox_visible", "value": true}, {"gid": "axes_0.legend.texts_4", "prop": "bbox_facecolor", "value": "#123456"}]
E               step 5: [{"gid": "axes_0.legend", "prop": "loc_frac", "value": [0.5912, 0.5258]}, {"gid": "figure", "prop": "size_mm", "value": [114.8, 87.5]}, {"gid": "axes_0.legend.texts_4", "prop": "bbox_visible", "value": true}, {"gid": "axes_0.legend.texts_4", "prop": "bbox_facecolor", "value": "#123456"}]
E               step 6: [{"gid": "axes_0.legend", "prop": "loc_frac", "value": [0.5912, 0.5258]}, {"gid": "figure", "prop": "size_mm", "value": [114.8, 87.5]}, {"gid": "axes_0.legend.texts_4", "prop": "bbox_visible", "value": true}, {"gid": "axes_0.legend.texts_4", "prop": "bbox_facecolor", "value": "#123456"}, {"gid": "axes_0", "prop": "position", "value": [0.1241, 0.102, 0.7505, 0.7435]}]
E               step 7: [{"gid": "axes_0.legend", "prop": "loc_frac", "value": [0.5912, 0.5258]}, {"gid": "figure", "prop": "size_mm", "value": [121.7, 92.8]}, {"gid": "axes_0.legend.texts_4", "prop": "bbox_visible", "value": true}, {"gid": "axes_0.legend.texts_4", "prop": "bbox_facecolor", "value": "#123456"}, {"gid": "axes_0", "prop": "position", "value": [0.1241, 0.102, 0.7505, 0.7435]}]
E               step 8: [{"gid": "axes_0.legend", "prop": "loc_frac", "value": [0.5912, 0.5258]}, {"gid": "figure", "prop": "size_mm", "value": [114.8, 87.5]}, {"gid": "axes_0.legend.texts_4", "prop": "bbox_visible", "value": true}, {"gid": "axes_0.legend.texts_4", "prop": "bbox_facecolor", "value": "#123456"}, {"gid": "axes_0", "prop": "position", "value": [0.1241, 0.102, 0.7505, 0.7435]}]
E               step 9: [{"gid": "axes_0.legend", "prop": "loc_frac", "value": [0.5912, 0.5258]}, {"gid": "figure", "prop": "size_mm", "value": [114.8, 87.5]}, {"gid": "axes_0.legend.texts_4", "prop": "bbox_visible", "value": true}, {"gid": "axes_0.legend.texts_4", "prop": "bbox_facecolor", "value": "#123456"}, {"gid": "axes_0", "prop": "position", "value": [0.1241, 0.102, 0.7505, 0.7435]}, {"gid": "axes_0.patches_1", "prop": "pos_frac", "value": [0.3377, 0.6199]}]
E             不变式 2：拖动锚点不守恒：['axes_0.patches_1 锚点 [0.3477000000000001, 0.6199000000000001] ≠ 声明的 pos_frac [0.3377, 0.6199]（容差 0.002）']
E           assert not ['axes_0.patches_1 锚点 [0.3477000000000001, 0.6199000000000001] ≠ 声明的 pos_frac [0.3377, 0.6199]（容差 0.002）']

tests/test_override_history_sequences.py:271: AssertionError
________________ test_history_and_geometry_sequences[InvMix-2] _________________

hot = <tavotto.engine.pool.EngineWorker object at 0x106778050>
replay = <tavotto.engine.pool.EngineWorker object at 0x106778640>
library = PosixPath('/private/var/folders/fm/3y1w_stx44v_108h6qnw8p180000gn/T/pytest-of-jiaqi/pytest-5000/history-sequence-figures0')
stem = 'InvMix', seed = 2

    @pytest.mark.parametrize("seed", SEEDS)
    @pytest.mark.parametrize("stem", STEMS)
    def test_history_and_geometry_sequences(hot, replay, library, stem, seed):
        """每一步：HOT == CLEAR+REPLAY、拖动锚点守恒、回访状态逐字相同；结束 HOT == FRESH。"""
        base = _apply(hot, stem)
        tag = f"hist-{stem}-s{seed}"
        gen, h = Generator(random.Random(f"hist:{stem}:{seed}"), base), History()
        first_seen = {_k([]): (base, _png(hot, stem, [], f"{tag}-base"))}
        man_now = base
        seq: list[list[dict]] = []
        log: list[str] = []
        for k in range(STEPS):
            kind = gen.step(h, man_now)
            one = [dict(p) for p in h.current]
            seq.append(one)
            log.append(kind)
            hot_man = _apply(hot, stem, one)
            _apply(replay, stem, [])
            replay_man = _apply(replay, stem, one)
            hot_png = _png(hot, stem, one, f"{tag}-hot-{k}")
            replay_png = _png(replay, stem, one, f"{tag}-replay-{k}")
            where = f"{tag} 第 {k} 步（{kind}）；动作 {log}\n{_describe(seq)}"
            paths = _diff_paths(hot_man, replay_man)
            if paths or hot_png != replay_png:
                minimal = _minimize(library, stem, seq, tag)
                pytest.fail(
                    f"{where}\n不变式 1：热态 ≠ 清空重放（manifest 差 {sorted(paths)[:8]}，"
                    f"像素{'不同' if hot_png != replay_png else '相同'}）。最小化后：\n{_describe(minimal)}"
                )
            bad = _anchor_problems(hot_man, one)
>           assert not bad, f"{where}\n不变式 2：拖动锚点不守恒：{bad}"
E           AssertionError: hist-InvMix-s2 第 2 步（drag:axes_0.patches_2）；动作 ['style', 'undo', 'drag:axes_0.patches_2']
E               step 0: [{"gid": "axes_0.legend.texts_3", "prop": "bbox_visible", "value": true}, {"gid": "axes_0.legend.texts_3", "prop": "bbox_facecolor", "value": "#ff00ff"}, {"gid": "axes_0.legend.texts_3", "prop": "bbox_rounded", "value": true}]
E               step 1: []
E               step 2: [{"gid": "axes_0.patches_2", "prop": "pos_frac", "value": [0.3363, 0.6896]}]
E             不变式 2：拖动锚点不守恒：['axes_0.patches_2 锚点 [0.3463, 0.6896] ≠ 声明的 pos_frac [0.3363, 0.6896]（容差 0.002）']
E           assert not ['axes_0.patches_2 锚点 [0.3463, 0.6896] ≠ 声明的 pos_frac [0.3363, 0.6896]（容差 0.002）']

tests/test_override_history_sequences.py:271: AssertionError
=========================== short test summary info ============================
FAILED tests/test_override_history_sequences.py::test_history_and_geometry_sequences[InvMix-0]
FAILED tests/test_override_history_sequences.py::test_history_and_geometry_sequences[InvMix-1]
FAILED tests/test_override_history_sequences.py::test_history_and_geometry_sequences[InvMix-2]
3 failed, 30 passed, 1 skipped in 117.41s (0:01:57)
# end: 2026-09-24T20:09:10Z
# exit: 1
